// Jest Snapshot v1, https://goo.gl/fbAQLP

exports[`Stack renders a stack 1`] = `
<div>
  <div
    style="display: flex; gap: 0.5rem; flex-wrap: nowrap; flex-direction: row;"
  >
    <div
      style="width: 50px; height: 50px; background-color: red; display: flex; justify-content: center; align-items: center;"
    >
      1
    </div>
    <div
      style="width: 50px; height: 50px; background-color: red; display: flex; justify-content: center; align-items: center;"
    >
      2
    </div>
    <div
      style="width: 50px; height: 50px; background-color: red; display: flex; justify-content: center; align-items: center;"
    >
      3
    </div>
    <div
      style="width: 50px; height: 50px; background-color: red; display: flex; justify-content: center; align-items: center;"
    >
      4
    </div>
  </div>
</div>
`;
